# The order of mapping table is
# K, B, P, Q, C, R, S, H, W, GROUP, STRIDE

#conv1
[convolutional]
# 96, 4, 56, 55, 3, 11, 11, 0, 0, 1, 4,
MAC     = 1, 1, 1, 1, 1, 1, 1, 0, 0, 1, 4, 
PE      = 16, 1, 1, 1, 1, 1, 11, 0, 0, 1, 4,    
PE_X    = 2, 1, 7, 1, 1, 1, 1, 0, 0, 1, 4, 
PE_Y    = 1, 1, 1, 1, 1, 11, 1, 0, 0, 1, 4,
GLB     = 3, 1, 1, 55, 1, 1, 1, 0, 0, 1, 4,
CHIPS_X = 1, 1, 1, 1, 1, 1, 1, 0, 0, 1, 4,
CHIPS_Y = 1, 1, 1, 1, 1, 1, 1, 0, 0, 1, 4, 
DRAM    = 1, 4, 8, 1, 3, 1, 1, 0, 0, 1, 4,

[maxpool]

[convolutional]
# 256, 4, 27, 27, 48, 5, 5, 0, 0, 1, 1,
MAC     = 1, 1, 1, 1, 1, 1, 1, 0, 0, 1, 1, 
PE      = 16, 1, 1, 1, 2, 1, 5, 0, 0, 1, 1, 
PE_X    = 1, 1, 14, 1, 1, 1, 1, 0, 0, 1, 1, 
PE_Y    = 1, 1, 2, 1, 1, 5, 1, 0, 0, 1, 1, 
GLB     = 4, 1, 1, 27, 1, 1, 1, 0, 0, 1, 1, 
CHIPS_X = 1, 1, 1, 1, 1, 1, 1, 0, 0, 1, 1, 
CHIPS_Y = 1, 1, 1, 1, 1, 1, 1, 0, 0, 1, 1,
DRAM    = 4, 4, 1, 1, 24, 1, 1, 0, 0, 1, 1, 

[maxpool]

[convolutional]
# 384, 4, 13, 13, 256, 3, 3, 0, 0, 1, 1,
MAC     = 1, 1, 1, 1, 1, 1, 1, 0, 0, 1, 1, 
PE      = 16, 1, 1, 1, 4, 1, 3, 0, 0, 1, 1, 
PE_X    = 1, 1, 13, 1, 1, 1, 1, 0, 0, 1, 1, 
PE_Y    = 4, 1, 1, 1, 1, 3, 1, 0, 0, 1, 1, 
GLB     = 1, 4, 1, 13, 1, 1, 1, 0, 0, 1, 1, 
CHIPS_X = 1, 1, 1, 1, 1, 1, 1, 0, 0, 1, 1, 
CHIPS_Y = 1, 1, 1, 1, 1, 1, 1, 0, 0, 1, 1, 
DRAM    = 6, 1, 1, 1, 64, 1, 1, 0, 0, 1, 1, 

[convolutional]
# 384, 4, 13, 13, 192, 3, 3, 0, 0, 1, 1, 
MAC     = 1, 1, 1, 1, 1, 1, 1, 0, 0, 1, 1, 
PE      = 16, 1, 1, 1, 3, 1, 3, 0, 0, 1, 1, 
PE_X    = 1, 1, 13, 1, 1, 1, 1, 0, 0, 1, 1, 
PE_Y    = 2, 1, 1, 1, 2, 3, 1, 0, 0, 1, 1, 
GLB     = 2, 4, 1, 13, 1, 1, 1, 0, 0, 1, 1, 
CHIPS_X = 1, 1, 1, 1, 1, 1, 1, 0, 0, 1, 1, 
CHIPS_Y = 1, 1, 1, 1, 1, 1, 1, 0, 0, 1, 1, 
DRAM    = 6, 1, 1, 1, 32, 1, 1, 0, 0, 1, 1, 

[convolutional]
# 256, 4, 13, 13, 192, 3, 3, 0, 0, 1, 1,
MAC     = 1, 1, 1, 1, 1, 1, 1, 0, 0, 1, 1, 
PE      = 16, 1, 1, 1, 3, 1, 3, 0, 0, 1, 1, 
PE_X    = 1, 1, 13, 1, 1, 1, 1, 0, 0, 1, 1, 
PE_Y    = 2, 1, 1, 1, 2, 3, 1, 0, 0, 1, 1, 
GLB     = 2, 4, 1, 13, 1, 1, 1, 0, 0, 1, 1, 
CHIPS_X = 1, 1, 1, 1, 1, 1, 1, 0, 0, 1, 1, 
CHIPS_Y = 1, 1, 1, 1, 1, 1, 1, 0, 0, 1, 1, 
DRAM    = 4, 1, 1, 1, 32, 1, 1, 0, 0, 1, 1, 

[maxpool]

[connected]

[connected]

[connected]
